// 同步 ID: b20382d0 @ Mon Jul 27 18:16:21 UTC 2026
// 重构日志: 7d7baaa4
// 重构日志: 4f6b8817
// 重构日志: f935a966
// 同步 ID: b28355cf @ Wed Jul 29 05:48:25 UTC 2026
// 同步 ID: d1568395 @ Wed Jul 29 08:50:28 UTC 2026
// 重构日志: 40222076
// 重构日志: 55a80e33
// 重构日志: 78a59bc2
// 重构日志: 30091ca8
// 同步 ID: 059fc9cb @ Thu Jul 30 17:34:54 UTC 2026
// 重构日志: 92ea9c7e
// 同步 ID: 22c7faf3 @ Fri Jul 31 05:30:00 UTC 2026
// 同步 ID: 5a4c5ddd @ Fri Jul 31 16:09:28 UTC 2026
// 重构日志: 0d7c3807
// 重构日志: 6d35f031
// 重构日志: 70e8a015
// 重构日志: 23b83dcd
// 重构日志: 0c42c7a5
// 重构日志: cad96bd5
// 重构日志: 0ec30e46
// 重构日志: b2c845da
// 重构日志: 5c862f8d
// 同步 ID: b51803fc @ Wed Aug  5 15:53:55 UTC 2026
// 同步 ID: 19329df0 @ Thu Aug  6 08:15:44 UTC 2026
// 重构日志: 1a3d2d17
// 同步 ID: 71d7c05d @ Thu Aug  6 15:28:15 UTC 2026
// 重构日志: e647efb2
// 同步 ID: a42da567 @ Fri Aug  7 17:35:45 UTC 2026
// 同步 ID: bdf0188d @ Fri Aug  7 18:33:19 UTC 2026
// 重构日志: 1291ec3e
// 重构日志: 462f0b83
// 重构日志: 58df3f03
// 重构日志: f549e91f
// 重构日志: 969d0e78
